Archive member included to satisfy reference by file (symbol)

C:/ST/STM32CubeIDE_1.17.0/STM32CubeIDE/plugins/com.st.stm32cube.ide.mcu.externaltools.gnu-tools-for-stm32.12.3.rel1.win32_1.1.0.202410251130/tools/bin/../lib/gcc/arm-none-eabi/12.3.1/../../../../arm-none-eabi/lib/thumb/v6-m/nofp\libc_nano.a(libc_a-exit.o)
                              C:/ST/STM32CubeIDE_1.17.0/STM32CubeIDE/plugins/com.st.stm32cube.ide.mcu.externaltools.gnu-tools-for-stm32.12.3.rel1.win32_1.1.0.202410251130/tools/bin/../lib/gcc/arm-none-eabi/12.3.1/../../../../arm-none-eabi/lib/thumb/v6-m/nofp/crt0.o (exit)
C:/ST/STM32CubeIDE_1.17.0/STM32CubeIDE/plugins/com.st.stm32cube.ide.mcu.externaltools.gnu-tools-for-stm32.12.3.rel1.win32_1.1.0.202410251130/tools/bin/../lib/gcc/arm-none-eabi/12.3.1/../../../../arm-none-eabi/lib/thumb/v6-m/nofp\libc_nano.a(libc_a-findfp.o)
                              C:/ST/STM32CubeIDE_1.17.0/STM32CubeIDE/plugins/com.st.stm32cube.ide.mcu.externaltools.gnu-tools-for-stm32.12.3.rel1.win32_1.1.0.202410251130/tools/bin/../lib/gcc/arm-none-eabi/12.3.1/../../../../arm-none-eabi/lib/thumb/v6-m/nofp\libc_nano.a(libc_a-exit.o) (__stdio_exit_handler)
C:/ST/STM32CubeIDE_1.17.0/STM32CubeIDE/plugins/com.st.stm32cube.ide.mcu.externaltools.gnu-tools-for-stm32.12.3.rel1.win32_1.1.0.202410251130/tools/bin/../lib/gcc/arm-none-eabi/12.3.1/../../../../arm-none-eabi/lib/thumb/v6-m/nofp\libc_nano.a(libc_a-fwalk.o)
                              C:/ST/STM32CubeIDE_1.17.0/STM32CubeIDE/plugins/com.st.stm32cube.ide.mcu.externaltools.gnu-tools-for-stm32.12.3.rel1.win32_1.1.0.202410251130/tools/bin/../lib/gcc/arm-none-eabi/12.3.1/../../../../arm-none-eabi/lib/thumb/v6-m/nofp\libc_nano.a(libc_a-findfp.o) (_fwalk_sglue)
C:/ST/STM32CubeIDE_1.17.0/STM32CubeIDE/plugins/com.st.stm32cube.ide.mcu.externaltools.gnu-tools-for-stm32.12.3.rel1.win32_1.1.0.202410251130/tools/bin/../lib/gcc/arm-none-eabi/12.3.1/../../../../arm-none-eabi/lib/thumb/v6-m/nofp\libc_nano.a(libc_a-stdio.o)
                              C:/ST/STM32CubeIDE_1.17.0/STM32CubeIDE/plugins/com.st.stm32cube.ide.mcu.externaltools.gnu-tools-for-stm32.12.3.rel1.win32_1.1.0.202410251130/tools/bin/../lib/gcc/arm-none-eabi/12.3.1/../../../../arm-none-eabi/lib/thumb/v6-m/nofp\libc_nano.a(libc_a-findfp.o) (__sread)
C:/ST/STM32CubeIDE_1.17.0/STM32CubeIDE/plugins/com.st.stm32cube.ide.mcu.externaltools.gnu-tools-for-stm32.12.3.rel1.win32_1.1.0.202410251130/tools/bin/../lib/gcc/arm-none-eabi/12.3.1/../../../../arm-none-eabi/lib/thumb/v6-m/nofp\libc_nano.a(libc_a-memset.o)
                              C:/ST/STM32CubeIDE_1.17.0/STM32CubeIDE/plugins/com.st.stm32cube.ide.mcu.externaltools.gnu-tools-for-stm32.12.3.rel1.win32_1.1.0.202410251130/tools/bin/../lib/gcc/arm-none-eabi/12.3.1/../../../../arm-none-eabi/lib/thumb/v6-m/nofp/crt0.o (memset)
C:/ST/STM32CubeIDE_1.17.0/STM32CubeIDE/plugins/com.st.stm32cube.ide.mcu.externaltools.gnu-tools-for-stm32.12.3.rel1.win32_1.1.0.202410251130/tools/bin/../lib/gcc/arm-none-eabi/12.3.1/../../../../arm-none-eabi/lib/thumb/v6-m/nofp\libc_nano.a(libc_a-closer.o)
                              C:/ST/STM32CubeIDE_1.17.0/STM32CubeIDE/plugins/com.st.stm32cube.ide.mcu.externaltools.gnu-tools-for-stm32.12.3.rel1.win32_1.1.0.202410251130/tools/bin/../lib/gcc/arm-none-eabi/12.3.1/../../../../arm-none-eabi/lib/thumb/v6-m/nofp\libc_nano.a(libc_a-stdio.o) (_close_r)
C:/ST/STM32CubeIDE_1.17.0/STM32CubeIDE/plugins/com.st.stm32cube.ide.mcu.externaltools.gnu-tools-for-stm32.12.3.rel1.win32_1.1.0.202410251130/tools/bin/../lib/gcc/arm-none-eabi/12.3.1/../../../../arm-none-eabi/lib/thumb/v6-m/nofp\libc_nano.a(libc_a-reent.o)
                              C:/ST/STM32CubeIDE_1.17.0/STM32CubeIDE/plugins/com.st.stm32cube.ide.mcu.externaltools.gnu-tools-for-stm32.12.3.rel1.win32_1.1.0.202410251130/tools/bin/../lib/gcc/arm-none-eabi/12.3.1/../../../../arm-none-eabi/lib/thumb/v6-m/nofp\libc_nano.a(libc_a-closer.o) (errno)
C:/ST/STM32CubeIDE_1.17.0/STM32CubeIDE/plugins/com.st.stm32cube.ide.mcu.externaltools.gnu-tools-for-stm32.12.3.rel1.win32_1.1.0.202410251130/tools/bin/../lib/gcc/arm-none-eabi/12.3.1/../../../../arm-none-eabi/lib/thumb/v6-m/nofp\libc_nano.a(libc_a-impure.o)
                              C:/ST/STM32CubeIDE_1.17.0/STM32CubeIDE/plugins/com.st.stm32cube.ide.mcu.externaltools.gnu-tools-for-stm32.12.3.rel1.win32_1.1.0.202410251130/tools/bin/../lib/gcc/arm-none-eabi/12.3.1/../../../../arm-none-eabi/lib/thumb/v6-m/nofp\libc_nano.a(libc_a-reent.o) (_impure_ptr)
C:/ST/STM32CubeIDE_1.17.0/STM32CubeIDE/plugins/com.st.stm32cube.ide.mcu.externaltools.gnu-tools-for-stm32.12.3.rel1.win32_1.1.0.202410251130/tools/bin/../lib/gcc/arm-none-eabi/12.3.1/../../../../arm-none-eabi/lib/thumb/v6-m/nofp\libc_nano.a(libc_a-lseekr.o)
[...]
Memory Configuration

Name             Origin             Length             Attributes
RAM              0x20000000         0x00001800         xrw
FLASH            0x08000000         0x00008000         xr
*default*        0x00000000         0xffffffff

Linker script and memory map

LOAD C:/ST/STM32CubeIDE_1.17.0/STM32CubeIDE/plugins/com.st.stm32cube.ide.mcu.externaltools.gnu-tools-for-stm32.12.3.rel1.win32_1.1.0.202410251130/tools/bin/../lib/gcc/arm-none-eabi/12.3.1/thumb/v6-m/nofp/crti.o
LOAD C:/ST/STM32CubeIDE_1.17.0/STM32CubeIDE/plugins/com.st.stm32cube.ide.mcu.externaltools.gnu-tools-for-stm32.12.3.rel1.win32_1.1.0.202410251130/tools/bin/../lib/gcc/arm-none-eabi/12.3.1/thumb/v6-m/nofp/crtbegin.o
LOAD C:/ST/STM32CubeIDE_1.17.0/STM32CubeIDE/plugins/com.st.stm32cube.ide.mcu.externaltools.gnu-tools-for-stm32.12.3.rel1.win32_1.1.0.202410251130/tools/bin/../lib/gcc/arm-none-eabi/12.3.1/../../../../arm-none-eabi/lib/thumb/v6-m/nofp/crt0.o
LOAD ./Core/Src/AS5147P.o
LOAD ./Core/Src/dma.o
LOAD ./Core/Src/foc_transform.o
LOAD ./Core/Src/gpio.o
LOAD ./Core/Src/iwdg.o
LOAD ./Core/Src/main.o
LOAD ./Core/Src/spi.o
LOAD ./Core/Src/stm32f0xx_hal_msp.o
LOAD ./Core/Src/stm32f0xx_it.o
LOAD ./Core/Src/syscalls.o
LOAD ./Core/Src/sysmem.o
LOAD ./Core/Src/system_stm32f0xx.o
LOAD ./Core/Src/tim.o
LOAD ./Core/Startup/startup_stm32f042k6ux.o
LOAD ./Drivers/STM32F0xx_HAL_Driver/Src/stm32f0xx_hal.o
LOAD ./Drivers/STM32F0xx_HAL_Driver/Src/stm32f0xx_hal_cortex.o
LOAD ./Drivers/STM32F0xx_HAL_Driver/Src/stm32f0xx_hal_dma.o
LOAD ./Drivers/STM32F0xx_HAL_Driver/Src/stm32f0xx_hal_exti.o
LOAD ./Drivers/STM32F0xx_HAL_Driver/Src/stm32f0xx_hal_flash.o
LOAD ./Drivers/STM32F0xx_HAL_Driver/Src/stm32f0xx_hal_flash_ex.o
LOAD ./Drivers/STM32F0xx_HAL_Driver/Src/stm32f0xx_hal_gpio.o
LOAD ./Drivers/STM32F0xx_HAL_Driver/Src/stm32f0xx_hal_i2c.o
LOAD ./Drivers/STM32F0xx_HAL_Driver/Src/stm32f0xx_hal_i2c_ex.o
LOAD ./Drivers/STM32F0xx_HAL_Driver/Src/stm32f0xx_hal_iwdg.o
LOAD ./Drivers/STM32F0xx_HAL_Driver/Src/stm32f0xx_hal_pwr.o
LOAD ./Drivers/STM32F0xx_HAL_Driver/Src/stm32f0xx_hal_pwr_ex.o
LOAD ./Drivers/STM32F0xx_HAL_Driver/Src/stm32f0xx_hal_rcc.o
LOAD ./Drivers/STM32F0xx_HAL_Driver/Src/stm32f0xx_hal_rcc_ex.o
LOAD ./Drivers/STM32F0xx_HAL_Driver/Src/stm32f0xx_hal_spi.o
LOAD ./Drivers/STM32F0xx_HAL_Driver/Src/stm32f0xx_hal_spi_ex.o
LOAD ./Drivers/STM32F0xx_HAL_Driver/Src/stm32f0xx_hal_tim.o
LOAD ./Drivers/STM32F0xx_HAL_Driver/Src/stm32f0xx_hal_tim_ex.o
START GROUP
LOAD C:/ST/STM32CubeIDE_1.17.0/STM32CubeIDE/plugins/com.st.stm32cube.ide.mcu.externaltools.gnu-tools-for-stm32.12.3.rel1.win32_1.1.0.202410251130/tools/bin/../lib/gcc/arm-none-eabi/12.3.1/../../../../arm-none-eabi/lib/thumb/v6-m/nofp\libc_nano.a
LOAD C:/ST/STM32CubeIDE_1.17.0/STM32CubeIDE/plugins/com.st.stm32cube.ide.mcu.externaltools.gnu-tools-for-stm32.12.3.rel1.win32_1.1.0.202410251130/tools/bin/../lib/gcc/arm-none-eabi/12.3.1/../../../../arm-none-eabi/lib/thumb/v6-m/nofp\libm.a
END GROUP
START GROUP
LOAD C:/ST/STM32CubeIDE_1.17.0/STM32CubeIDE/plugins/com.st.stm32cube.ide.mcu.externaltools.gnu-tools-for-stm32.12.3.rel1.win32_1.1.0.202410251130/tools/bin/../lib/gcc/arm-none-eabi/12.3.1/thumb/v6-m/nofp\libgcc.a
LOAD C:/ST/STM32CubeIDE_1.17.0/STM32CubeIDE/plugins/com.st.stm32cube.ide.mcu.externaltools.gnu-tools-for-stm32.12.3.rel1.win32_1.1.0.202410251130/tools/bin/../lib/gcc/arm-none-eabi/12.3.1/../../../../arm-none-eabi/lib/thumb/v6-m/nofp\libc_nano.a
END GROUP
START GROUP
LOAD C:/ST/STM32CubeIDE_1.17.0/STM32CubeIDE/plugins/com.st.stm32cube.ide.mcu.externaltools.gnu-tools-for-stm32.12.3.rel1.win32_1.1.0.202410251130/tools/bin/../lib/gcc/arm-none-eabi/12.3.1/thumb/v6-m/nofp\libgcc.a
LOAD C:/ST/STM32CubeIDE_1.17.0/STM32CubeIDE/plugins/com.st.stm32cube.ide.mcu.externaltools.gnu-tools-for-stm32.12.3.rel1.win32_1.1.0.202410251130/tools/bin/../lib/gcc/arm-none-eabi/12.3.1/../../../../arm-none-eabi/lib/thumb/v6-m/nofp\libc_nano.a
LOAD C:/ST/STM32CubeIDE_1.17.0/STM32CubeIDE/plugins/com.st.stm32cube.ide.mcu.externaltools.gnu-tools-for-stm32.12.3.rel1.win32_1.1.0.202410251130/tools/bin/../lib/gcc/arm-none-eabi/12.3.1/../../../../arm-none-eabi/lib/thumb/v6-m/nofp\libnosys.a
END GROUP
START GROUP
LOAD C:/ST/STM32CubeIDE_1.17.0/STM32CubeIDE/plugins/com.st.stm32cube.ide.mcu.externaltools.gnu-tools-for-stm32.12.3.rel1.win32_1.1.0.202410251130/tools/bin/../lib/gcc/arm-none-eabi/12.3.1/thumb/v6-m/nofp\libgcc.a
LOAD C:/ST/STM32CubeIDE_1.17.0/STM32CubeIDE/plugins/com.st.stm32cube.ide.mcu.externaltools.gnu-tools-for-stm32.12.3.rel1.win32_1.1.0.202410251130/tools/bin/../lib/gcc/arm-none-eabi/12.3.1/../../../../arm-none-eabi/lib/thumb/v6-m/nofp\libc_nano.a
LOAD C:/ST/STM32CubeIDE_1.17.0/STM32CubeIDE/plugins/com.st.stm32cube.ide.mcu.externaltools.gnu-tools-for-stm32.12.3.rel1.win32_1.1.0.202410251130/tools/bin/../lib/gcc/arm-none-eabi/12.3.1/../../../../arm-none-eabi/lib/thumb/v6-m/nofp\libnosys.a
END GROUP
LOAD C:/ST/STM32CubeIDE_1.17.0/STM32CubeIDE/plugins/com.st.stm32cube.ide.mcu.externaltools.gnu-tools-for-stm32.12.3.rel1.win32_1.1.0.202410251130/tools/bin/../lib/gcc/arm-none-eabi/12.3.1/thumb/v6-m/nofp/crtend.o
LOAD C:/ST/STM32CubeIDE_1.17.0/STM32CubeIDE/plugins/com.st.stm32cube.ide.mcu.externaltools.gnu-tools-for-stm32.12.3.rel1.win32_1.1.0.202410251130/tools/bin/../lib/gcc/arm-none-eabi/12.3.1/thumb/v6-m/nofp/crtn.o
                0x20001800                        _estack = (ORIGIN (RAM) + LENGTH (RAM))
                0x00000200                        _Min_Heap_Size = 0x200
                0x00000400                        _Min_Stack_Size = 0x400

.isr_vector     0x08000000       0xc0
                0x08000000                        . = ALIGN (0x4)
 *(.isr_vector)
 .isr_vector    0x08000000       0xc0 ./Core/Startup/startup_stm32f042k6ux.o
                0x08000000                g_pfnVectors
                0x080000c0                        . = ALIGN (0x4)

.text           0x080000c0     0x2208
                0x080000c0                        . = ALIGN (0x4)
 *(.text)
 .text          0x080000c0       0x48 C:/ST/STM32CubeIDE_1.17.0/STM32CubeIDE/plugins/com.st.stm32cube.ide.mcu.externaltools.gnu-tools-for-stm32.12.3.rel1.win32_1.1.0.202410251130/tools/bin/../lib/gcc/arm-none-eabi/12.3.1/thumb/v6-m/nofp/crtbegin.o
 .text          0x08000108      0x114 C:/ST/STM32CubeIDE_1.17.0/STM32CubeIDE/plugins/com.st.stm32cube.ide.mcu.externaltools.gnu-tools-for-stm32.12.3.rel1.win32_1.1.0.202410251130/tools/bin/../lib/gcc/arm-none-eabi/12.3.1/thumb/v6-m/nofp\libgcc.a(_udivsi3.o)
                0x08000108                __aeabi_uidiv
                0x08000108                __udivsi3
                0x08000214                __aeabi_uidivmod
 .text          0x0800021c        0x4 C:/ST/STM32CubeIDE_1.17.0/STM32CubeIDE/plugins/com.st.stm32cube.ide.mcu.externaltools.gnu-tools-for-stm32.12.3.rel1.win32_1.1.0.202410251130/tools/bin/../lib/gcc/arm-none-eabi/12.3.1/thumb/v6-m/nofp\libgcc.a(_dvmd_tls.o)
                0x0800021c                __aeabi_idiv0
                0x0800021c                __aeabi_ldiv0
 .text          0x08000220      0x27c C:/ST/STM32CubeIDE_1.17.0/STM32CubeIDE/plugins/com.st.stm32cube.ide.mcu.externaltools.gnu-tools-for-stm32.12.3.rel1.win32_1.1.0.202410251130/tools/bin/../lib/gcc/arm-none-eabi/12.3.1/thumb/v6-m/nofp\libgcc.a(mulsf3.o)
                0x08000220                __aeabi_fmul
 .text          0x0800049c       0x84 C:/ST/STM32CubeIDE_1.17.0/STM32CubeIDE/plugins/com.st.stm32cube.ide.mcu.externaltools.gnu-tools-for-stm32.12.3.rel1.win32_1.1.0.202410251130/tools/bin/../lib/gcc/arm-none-eabi/12.3.1/thumb/v6-m/nofp\libgcc.a(floatunsisf.o)
                0x0800049c                __aeabi_ui2f
 .text          0x08000520       0x3c C:/ST/STM32CubeIDE_1.17.0/STM32CubeIDE/plugins/com.st.stm32cube.ide.mcu.externaltools.gnu-tools-for-stm32.12.3.rel1.win32_1.1.0.202410251130/tools/bin/../lib/gcc/arm-none-eabi/12.3.1/thumb/v6-m/nofp\libgcc.a(_clzsi2.o)
                0x08000520                __clzsi2
 *(.text*)
 .text.as5147p_xfer_16
                0x0800055c       0x48 ./Core/Src/AS5147P.o
 .text.AS5147P_ReadRegister
                0x080005a4       0x70 ./Core/Src/AS5147P.o
                0x080005a4                AS5147P_ReadRegister
 .text.AS5147P_Init
                0x08000614       0x3c ./Core/Src/AS5147P.o
                0x08000614                AS5147P_Init
 .text.AS5147P_ReadAngleDAEC
                0x08000650       0x10 ./Core/Src/AS5147P.o
                0x08000650                AS5147P_ReadAngleDAEC
 .text.AS5147P_DataParityOk
                0x08000660       0x1c ./Core/Src/AS5147P.o
                0x08000660                AS5147P_DataParityOk
 .text.AS5147P_DataBits
                0x0800067c        0x6 ./Core/Src/AS5147P.o
                0x0800067c                AS5147P_DataBits
 *fill*         0x08000682        0x2 
 .text.MX_DMA_Init
                0x08000684       0x2c ./Core/Src/dma.o
                0x08000684                MX_DMA_Init
 .text.MX_GPIO_Init
                0x080006b0       0x84 ./Core/Src/gpio.o
                0x080006b0                MX_GPIO_Init
 .text.MX_IWDG_Init
                0x08000734       0x2c ./Core/Src/iwdg.o
                0x08000734                MX_IWDG_Init
 .text.SystemClock_Config
                0x08000760       0x62 ./Core/Src/main.o
                0x08000760                SystemClock_Config
 *fill*         0x080007c2        0x2 
 .text.startup.main
                0x080007c4       0x98 ./Core/Src/main.o
                0x080007c4                main
 .text.Error_Handler
                0x0800085c        0x4 ./Core/Src/main.o
                0x0800085c                Error_Handler
 .text.MX_SPI1_Init
                0x08000860       0x50 ./Core/Src/spi.o
                0x08000860                MX_SPI1_Init
 .text.HAL_SPI_MspInit
                0x080008b0      0x10c ./Core/Src/spi.o
                0x080008b0                HAL_SPI_MspInit
 .text.HAL_MspInit
                0x080009bc       0x30 ./Core/Src/stm32f0xx_hal_msp.o
                0x080009bc                HAL_MspInit
 .text.NMI_Handler
                0x080009ec        0x2 ./Core/Src/stm32f0xx_it.o
                0x080009ec                NMI_Handler
 .text.HardFault_Handler
                0x080009ee        0x2 ./Core/Src/stm32f0xx_it.o
                0x080009ee                HardFault_Handler
 .text.SVC_Handler
                0x080009f0        0x2 ./Core/Src/stm32f0xx_it.o
                0x080009f0                SVC_Handler
 .text.PendSV_Handler
                0x080009f2        0x2 ./Core/Src/stm32f0xx_it.o
                0x080009f2                PendSV_Handler
 .text.SysTick_Handler
                0x080009f4        0x8 ./Core/Src/stm32f0xx_it.o
                0x080009f4                SysTick_Handler
 .text.DMA1_Channel2_3_IRQHandler
                0x080009fc       0x18 ./Core/Src/stm32f0xx_it.o
                0x080009fc                DMA1_Channel2_3_IRQHandler
 .text.TIM1_CC_IRQHandler
                0x08000a14       0x10 ./Core/Src/stm32f0xx_it.o
                0x08000a14                TIM1_CC_IRQHandler
 .text.TIM2_IRQHandler
                0x08000a24       0x10 ./Core/Src/stm32f0xx_it.o
                0x08000a24                TIM2_IRQHandler
 .text.TIM3_IRQHandler
                0x08000a34       0x10 ./Core/Src/stm32f0xx_it.o
                0x08000a34                TIM3_IRQHandler
 .text.SPI1_IRQHandler
                0x08000a44       0x10 ./Core/Src/stm32f0xx_it.o
                0x08000a44                SPI1_IRQHandler
 .text.SystemInit
                0x08000a54        0x2 ./Core/Src/system_stm32f0xx.o
                0x08000a54                SystemInit
 *fill*         0x08000a56        0x2 
 .text.MX_TIM1_Init
                0x08000a58       0x7c ./Core/Src/tim.o
                0x08000a58                MX_TIM1_Init
 .text.MX_TIM2_Init
                0x08000ad4       0x94 ./Core/Src/tim.o
                0x08000ad4                MX_TIM2_Init
 .text.MX_TIM3_Init
                0x08000b68       0x98 ./Core/Src/tim.o
                0x08000b68                MX_TIM3_Init
 .text.HAL_TIM_Base_MspInit
                0x08000c00       0x9c ./Core/Src/tim.o
                0x08000c00                HAL_TIM_Base_MspInit
 .text.Reset_Handler
                0x08000c9c       0x80 ./Core/Startup/startup_stm32f042k6ux.o
                0x08000c9c                Reset_Handler
 .text.Default_Handler
                0x08000d1c        0x2 ./Core/Startup/startup_stm32f042k6ux.o
                0x08000d1c                TSC_IRQHandler
                0x08000d1c                I2C1_IRQHandler
                0x08000d1c                RCC_CRS_IRQHandler
                0x08000d1c                EXTI2_3_IRQHandler
                0x08000d1c                ADC1_IRQHandler
                0x08000d1c                TIM17_IRQHandler
                0x08000d1c                CEC_CAN_IRQHandler
                0x08000d1c                RTC_IRQHandler
                0x08000d1c                PVD_VDDIO2_IRQHandler
                0x08000d1c                TIM16_IRQHandler
                0x08000d1c                EXTI4_15_IRQHandler
                0x08000d1c                DMA1_Channel1_IRQHandler
                0x08000d1c                Default_Handler
                0x08000d1c                TIM14_IRQHandler
                0x08000d1c                DMA1_Channel4_5_IRQHandler
                0x08000d1c                EXTI0_1_IRQHandler
                0x08000d1c                USB_IRQHandler
                0x08000d1c                SPI2_IRQHandler
                0x08000d1c                WWDG_IRQHandler
                0x08000d1c                USART2_IRQHandler
                0x08000d1c                FLASH_IRQHandler
                0x08000d1c                USART1_IRQHandler
                0x08000d1c                TIM1_BRK_UP_TRG_COM_IRQHandler
 *fill*         0x08000d1e        0x2 
 .text.HAL_InitTick
                0x08000d20       0x48 ./Drivers/STM32F0xx_HAL_Driver/Src/stm32f0xx_hal.o
                0x08000d20                HAL_InitTick
 .text.HAL_Init
                0x08000d68       0x20 ./Drivers/STM32F0xx_HAL_Driver/Src/stm32f0xx_hal.o
                0x08000d68                HAL_Init
 .text.HAL_IncTick
                0x08000d88       0x18 ./Drivers/STM32F0xx_HAL_Driver/Src/stm32f0xx_hal.o
                0x08000d88                HAL_IncTick
 .text.HAL_GetTick
                0x08000da0        0xc ./Drivers/STM32F0xx_HAL_Driver/Src/stm32f0xx_hal.o
                0x08000da0                HAL_GetTick
 .text.HAL_NVIC_SetPriority
                0x08000dac       0x54 ./Drivers/STM32F0xx_HAL_Driver/Src/stm32f0xx_hal_cortex.o
                0x08000dac                HAL_NVIC_SetPriority
 .text.HAL_NVIC_EnableIRQ
                0x08000e00       0x18 ./Drivers/STM32F0xx_HAL_Driver/Src/stm32f0xx_hal_cortex.o
                0x08000e00                HAL_NVIC_EnableIRQ
 .text.HAL_SYSTICK_Config
                0x08000e18       0x34 ./Drivers/STM32F0xx_HAL_Driver/Src/stm32f0xx_hal_cortex.o
                0x08000e18                HAL_SYSTICK_Config
 .text.HAL_DMA_Init
                0x08000e4c       0x64 ./Drivers/STM32F0xx_HAL_Driver/Src/stm32f0xx_hal_dma.o
                0x08000e4c                HAL_DMA_Init
 .text.HAL_DMA_Abort_IT
                0x08000eb0       0x42 ./Drivers/STM32F0xx_HAL_Driver/Src/stm32f0xx_hal_dma.o
                0x08000eb0                HAL_DMA_Abort_IT
 .text.HAL_DMA_IRQHandler
                0x08000ef2       0x92 ./Drivers/STM32F0xx_HAL_Driver/Src/stm32f0xx_hal_dma.o
                0x08000ef2                HAL_DMA_IRQHandler
 .text.HAL_GPIO_Init
                0x08000f84      0x164 ./Drivers/STM32F0xx_HAL_Driver/Src/stm32f0xx_hal_gpio.o
                0x08000f84                HAL_GPIO_Init
 .text.HAL_GPIO_WritePin
                0x080010e8        0xc ./Drivers/STM32F0xx_HAL_Driver/Src/stm32f0xx_hal_gpio.o
                0x080010e8                HAL_GPIO_WritePin
 .text.HAL_IWDG_Init
                0x080010f4       0x64 ./Drivers/STM32F0xx_HAL_Driver/Src/stm32f0xx_hal_iwdg.o
                0x080010f4                HAL_IWDG_Init
 .text.HAL_RCC_OscConfig
                0x08001158      0x4a0 ./Drivers/STM32F0xx_HAL_Driver/Src/stm32f0xx_hal_rcc.o
                0x08001158                HAL_RCC_OscConfig
 .text.HAL_RCC_GetSysClockFreq
                0x080015f8       0x6c ./Drivers/STM32F0xx_HAL_Driver/Src/stm32f0xx_hal_rcc.o
                0x080015f8                HAL_RCC_GetSysClockFreq
 .text.HAL_RCC_ClockConfig
                0x08001664      0x114 ./Drivers/STM32F0xx_HAL_Driver/Src/stm32f0xx_hal_rcc.o
                0x08001664                HAL_RCC_ClockConfig
 .text.SPI_WaitFlagStateUntilTimeout.constprop.0
                0x08001778       0xb8 ./Drivers/STM32F0xx_HAL_Driver/Src/stm32f0xx_hal_spi.o
 .text.SPI_WaitFifoStateUntilTimeout.constprop.0
                0x08001830       0xd8 ./Drivers/STM32F0xx_HAL_Driver/Src/stm32f0xx_hal_spi.o
 .text.SPI_EndRxTxTransaction
                0x08001908       0x46 ./Drivers/STM32F0xx_HAL_Driver/Src/stm32f0xx_hal_spi.o
 *fill*         0x0800194e        0x2 
 .text.HAL_SPI_Init
                0x08001950       0xf0 ./Drivers/STM32F0xx_HAL_Driver/Src/stm32f0xx_hal_spi.o
                0x08001950                HAL_SPI_Init
 .text.HAL_SPI_TransmitReceive
                0x08001a40      0x214 ./Drivers/STM32F0xx_HAL_Driver/Src/stm32f0xx_hal_spi.o
                0x08001a40                HAL_SPI_TransmitReceive
 .text.HAL_SPI_ErrorCallback
                0x08001c54        0x2 ./Drivers/STM32F0xx_HAL_Driver/Src/stm32f0xx_hal_spi.o
                0x08001c54                HAL_SPI_ErrorCallback
 *fill*         0x08001c56        0x2 
 .text.HAL_SPI_IRQHandler
                0x08001c58      0x108 ./Drivers/STM32F0xx_HAL_Driver/Src/stm32f0xx_hal_spi.o
                0x08001c58                HAL_SPI_IRQHandler
 .text.SPI_DMAAbortOnError
                0x08001d60       0x14 ./Drivers/STM32F0xx_HAL_Driver/Src/stm32f0xx_hal_spi.o
 .text.HAL_TIM_PeriodElapsedCallback
                0x08001d74        0x2 ./Drivers/STM32F0xx_HAL_Driver/Src/stm32f0xx_hal_tim.o
                0x08001d74                HAL_TIM_PeriodElapsedCallback
 .text.HAL_TIM_OC_DelayElapsedCallback
                0x08001d76        0x2 ./Drivers/STM32F0xx_HAL_Driver/Src/stm32f0xx_hal_tim.o
                0x08001d76                HAL_TIM_OC_DelayElapsedCallback
 .text.HAL_TIM_IC_CaptureCallback
                0x08001d78        0x2 ./Drivers/STM32F0xx_HAL_Driver/Src/stm32f0xx_hal_tim.o
                0x08001d78                HAL_TIM_IC_CaptureCallback
 .text.HAL_TIM_PWM_PulseFinishedCallback
                0x08001d7a        0x2 ./Drivers/STM32F0xx_HAL_Driver/Src/stm32f0xx_hal_tim.o
                0x08001d7a                HAL_TIM_PWM_PulseFinishedCallback
 .text.HAL_TIM_TriggerCallback
                0x08001d7c        0x2 ./Drivers/STM32F0xx_HAL_Driver/Src/stm32f0xx_hal_tim.o
                0x08001d7c                HAL_TIM_TriggerCallback
 .text.HAL_TIM_IRQHandler
                0x08001d7e      0x138 ./Drivers/STM32F0xx_HAL_Driver/Src/stm32f0xx_hal_tim.o
                0x08001d7e                HAL_TIM_IRQHandler
 *fill*         0x08001eb6        0x2 
 .text.TIM_Base_SetConfig
                0x08001eb8       0x9c ./Drivers/STM32F0xx_HAL_Driver/Src/stm32f0xx_hal_tim.o
                0x08001eb8                TIM_Base_SetConfig
 .text.HAL_TIM_Base_Init
                0x08001f54       0x50 ./Drivers/STM32F0xx_HAL_Driver/Src/stm32f0xx_hal_tim.o
                0x08001f54                HAL_TIM_Base_Init
 .text.TIM_ETR_SetConfig
                0x08001fa4       0x18 ./Drivers/STM32F0xx_HAL_Driver/Src/stm32f0xx_hal_tim.o
                0x08001fa4                TIM_ETR_SetConfig
 .text.HAL_TIM_ConfigClockSource
                0x08001fbc      0x12c ./Drivers/STM32F0xx_HAL_Driver/Src/stm32f0xx_hal_tim.o
                0x08001fbc                HAL_TIM_ConfigClockSource
 .text.TIM_SlaveTimer_SetConfig.constprop.0
                0x080020e8       0xc8 ./Drivers/STM32F0xx_HAL_Driver/Src/stm32f0xx_hal_tim.o
 .text.HAL_TIM_SlaveConfigSynchro
                0x080021b0       0x4c ./Drivers/STM32F0xx_HAL_Driver/Src/stm32f0xx_hal_tim.o
                0x080021b0                HAL_TIM_SlaveConfigSynchro
 .text.HAL_TIMEx_MasterConfigSynchronization
                0x080021fc       0x58 ./Drivers/STM32F0xx_HAL_Driver/Src/stm32f0xx_hal_tim_ex.o
                0x080021fc                HAL_TIMEx_MasterConfigSynchronization
 .text.HAL_TIMEx_CommutCallback
                0x08002254        0x2 ./Drivers/STM32F0xx_HAL_Driver/Src/stm32f0xx_hal_tim_ex.o
                0x08002254                HAL_TIMEx_CommutCallback
 .text.HAL_TIMEx_BreakCallback
                0x08002256        0x2 ./Drivers/STM32F0xx_HAL_Driver/Src/stm32f0xx_hal_tim_ex.o
                0x08002256                HAL_TIMEx_BreakCallback
 .text.memset   0x08002258       0x10 C:/ST/STM32CubeIDE_1.17.0/STM32CubeIDE/plugins/com.st.stm32cube.ide.mcu.externaltools.gnu-tools-for-stm32.12.3.rel1.win32_1.1.0.202410251130/tools/bin/../lib/gcc/arm-none-eabi/12.3.1/../../../../arm-none-eabi/lib/thumb/v6-m/nofp\libc_nano.a(libc_a-memset.o)
                0x08002258                memset
 .text.__libc_init_array
                0x08002268       0x48 C:/ST/STM32CubeIDE_1.17.0/STM32CubeIDE/plugins/com.st.stm32cube.ide.mcu.externaltools.gnu-tools-for-stm32.12.3.rel1.win32_1.1.0.202410251130/tools/bin/../lib/gcc/arm-none-eabi/12.3.1/../../../../arm-none-eabi/lib/thumb/v6-m/nofp\libc_nano.a(libc_a-init.o)
                0x08002268                __libc_init_array
 *(.glue_7)
 .glue_7        0x080022b0        0x0 linker stubs
 *(.glue_7t)
 .glue_7t       0x080022b0        0x0 linker stubs
 *(.eh_frame)
 .eh_frame      0x080022b0        0x0 C:/ST/STM32CubeIDE_1.17.0/STM32CubeIDE/plugins/com.st.stm32cube.ide.mcu.externaltools.gnu-tools-for-stm32.12.3.rel1.win32_1.1.0.202410251130/tools/bin/../lib/gcc/arm-none-eabi/12.3.1/thumb/v6-m/nofp/crtbegin.o
 *(.init)
 .init          0x080022b0        0x4 C:/ST/STM32CubeIDE_1.17.0/STM32CubeIDE/plugins/com.st.stm32cube.ide.mcu.externaltools.gnu-tools-for-stm32.12.3.rel1.win32_1.1.0.202410251130/tools/bin/../lib/gcc/arm-none-eabi/12.3.1/thumb/v6-m/nofp/crti.o
                0x080022b0                _init
 .init          0x080022b4        0x8 C:/ST/STM32CubeIDE_1.17.0/STM32CubeIDE/plugins/com.st.stm32cube.ide.mcu.externaltools.gnu-tools-for-stm32.12.3.rel1.win32_1.1.0.202410251130/tools/bin/../lib/gcc/arm-none-eabi/12.3.1/thumb/v6-m/nofp/crtn.o
 *(.fini)
 .fini          0x080022bc        0x4 C:/ST/STM32CubeIDE_1.17.0/STM32CubeIDE/plugins/com.st.stm32cube.ide.mcu.externaltools.gnu-tools-for-stm32.12.3.rel1.win32_1.1.0.202410251130/tools/bin/../lib/gcc/arm-none-eabi/12.3.1/thumb/v6-m/nofp/crti.o
                0x080022bc                _fini
 .fini          0x080022c0        0x8 C:/ST/STM32CubeIDE_1.17.0/STM32CubeIDE/plugins/com.st.stm32cube.ide.mcu.externaltools.gnu-tools-for-stm32.12.3.rel1.win32_1.1.0.202410251130/tools/bin/../lib/gcc/arm-none-eabi/12.3.1/thumb/v6-m/nofp/crtn.o
                0x080022c8                        . = ALIGN (0x4)
                0x080022c8                        _etext = .

.vfp11_veneer   0x080022c8        0x0
 .vfp11_veneer  0x080022c8        0x0 linker stubs

.v4_bx          0x080022c8        0x0
 .v4_bx         0x080022c8        0x0 linker stubs

.iplt           0x080022c8        0x0
 .iplt          0x080022c8        0x0 C:/ST/STM32CubeIDE_1.17.0/STM32CubeIDE/plugins/com.st.stm32cube.ide.mcu.externaltools.gnu-tools-for-stm32.12.3.rel1.win32_1.1.0.202410251130/tools/bin/../lib/gcc/arm-none-eabi/12.3.1/thumb/v6-m/nofp/crtbegin.o

.rodata         0x080022c8       0x30
                0x080022c8                        . = ALIGN (0x4)
 *(.rodata)
 *(.rodata*)
 .rodata.AHBPrescTable
                0x080022c8       0x10 ./Core/Src/system_stm32f0xx.o
                0x080022c8                AHBPrescTable
 .rodata.aPredivFactorTable.0
                0x080022d8       0x10 ./Drivers/STM32F0xx_HAL_Driver/Src/stm32f0xx_hal_rcc.o
 .rodata.aPLLMULFactorTable.1
                0x080022e8       0x10 ./Drivers/STM32F0xx_HAL_Driver/Src/stm32f0xx_hal_rcc.o
                0x080022f8                        . = ALIGN (0x4)

.ARM.extab      0x080022f8        0x0
                0x080022f8                        . = ALIGN (0x4)
 *(.ARM.extab* .gnu.linkonce.armextab.*)
                0x080022f8                        . = ALIGN (0x4)

.ARM            0x080022f8        0x0
                0x080022f8                        . = ALIGN (0x4)
                0x080022f8                        __exidx_start = .
 *(.ARM.exidx*)
                0x080022f8                        __exidx_end = .
                0x080022f8                        . = ALIGN (0x4)

.preinit_array  0x080022f8        0x0
                0x080022f8                        . = ALIGN (0x4)
                0x080022f8                        PROVIDE (__preinit_array_start = .)
 *(.preinit_array*)
                0x080022f8                        PROVIDE (__preinit_array_end = .)
                0x080022f8                        . = ALIGN (0x4)

.init_array     0x080022f8        0x4
                0x080022f8                        . = ALIGN (0x4)
                0x080022f8                        PROVIDE (__init_array_start = .)
 *(SORT_BY_NAME(.init_array.*))
 *(.init_array*)
 .init_array    0x080022f8        0x4 C:/ST/STM32CubeIDE_1.17.0/STM32CubeIDE/plugins/com.st.stm32cube.ide.mcu.externaltools.gnu-tools-for-stm32.12.3.rel1.win32_1.1.0.202410251130/tools/bin/../lib/gcc/arm-none-eabi/12.3.1/thumb/v6-m/nofp/crtbegin.o
                0x080022fc                        PROVIDE (__init_array_end = .)
                0x080022fc                        . = ALIGN (0x4)

.fini_array     0x080022fc        0x4
                0x080022fc                        . = ALIGN (0x4)
                [!provide]                        PROVIDE (__fini_array_start = .)
 *(SORT_BY_NAME(.fini_array.*))
 *(.fini_array*)
 .fini_array    0x080022fc        0x4 C:/ST/STM32CubeIDE_1.17.0/STM32CubeIDE/plugins/com.st.stm32cube.ide.mcu.externaltools.gnu-tools-for-stm32.12.3.rel1.win32_1.1.0.202410251130/tools/bin/../lib/gcc/arm-none-eabi/12.3.1/thumb/v6-m/nofp/crtbegin.o
                [!provide]                        PROVIDE (__fini_array_end = .)
                0x08002300                        . = ALIGN (0x4)
                0x08002300                        _sidata = LOADADDR (.data)

.rel.dyn        0x08002300        0x0
 .rel.iplt      0x08002300        0x0 C:/ST/STM32CubeIDE_1.17.0/STM32CubeIDE/plugins/com.st.stm32cube.ide.mcu.externaltools.gnu-tools-for-stm32.12.3.rel1.win32_1.1.0.202410251130/tools/bin/../lib/gcc/arm-none-eabi/12.3.1/thumb/v6-m/nofp/crtbegin.o

.data           0x20000000        0xc load address 0x08002300
                0x20000000                        . = ALIGN (0x4)
                0x20000000                        _sdata = .
 *(.data)
 *(.data*)
 .data.SystemCoreClock
                0x20000000        0x4 ./Core/Src/system_stm32f0xx.o
                0x20000000                SystemCoreClock
 .data.uwTickFreq
                0x20000004        0x1 ./Drivers/STM32F0xx_HAL_Driver/Src/stm32f0xx_hal.o
                0x20000004                uwTickFreq
 *fill*         0x20000005        0x3 
 .data.uwTickPrio
                0x20000008        0x4 ./Drivers/STM32F0xx_HAL_Driver/Src/stm32f0xx_hal.o
                0x20000008                uwTickPrio
 *(.RamFunc)
 *(.RamFunc*)
                0x2000000c                        . = ALIGN (0x4)
                0x2000000c                        _edata = .

.igot.plt       0x2000000c        0x0 load address 0x0800230c
 .igot.plt      0x2000000c        0x0 C:/ST/STM32CubeIDE_1.17.0/STM32CubeIDE/plugins/com.st.stm32cube.ide.mcu.externaltools.gnu-tools-for-stm32.12.3.rel1.win32_1.1.0.202410251130/tools/bin/../lib/gcc/arm-none-eabi/12.3.1/thumb/v6-m/nofp/crtbegin.o
                0x2000000c                        . = ALIGN (0x4)

.bss            0x2000000c      0x20c load address 0x0800230c
                0x2000000c                        _sbss = .
                0x2000000c                        __bss_start__ = _sbss
 *(.bss)
 .bss           0x2000000c       0x1c C:/ST/STM32CubeIDE_1.17.0/STM32CubeIDE/plugins/com.st.stm32cube.ide.mcu.externaltools.gnu-tools-for-stm32.12.3.rel1.win32_1.1.0.202410251130/tools/bin/../lib/gcc/arm-none-eabi/12.3.1/thumb/v6-m/nofp/crtbegin.o
 *(.bss*)
 .bss.hiwdg     0x20000028       0x10 ./Core/Src/iwdg.o
                0x20000028                hiwdg
 .bss.theta_mech_rad
                0x20000038        0x4 ./Core/Src/main.o
                0x20000038                theta_mech_rad
 .bss.g_as5147p_hal_st
                0x2000003c        0x1 ./Core/Src/main.o
                0x2000003c                g_as5147p_hal_st
 *fill*         0x2000003d        0x1 
 .bss.g_as5147p_last_raw
                0x2000003e        0x2 ./Core/Src/main.o
                0x2000003e                g_as5147p_last_raw
 .bss.g_as5147p_angle14
                0x20000040        0x2 ./Core/Src/main.o
                0x20000040                g_as5147p_angle14
 *fill*         0x20000042        0x2 
 .bss.AS5147P_handle_1
                0x20000044        0xc ./Core/Src/main.o
                0x20000044                AS5147P_handle_1
 .bss.hdma_spi1_tx
                0x20000050       0x44 ./Core/Src/spi.o
                0x20000050                hdma_spi1_tx
 .bss.hdma_spi1_rx
                0x20000094       0x44 ./Core/Src/spi.o
                0x20000094                hdma_spi1_rx
 .bss.hspi1     0x200000d8       0x64 ./Core/Src/spi.o
                0x200000d8                hspi1
 .bss.htim3     0x2000013c       0x48 ./Core/Src/tim.o
                0x2000013c                htim3
 .bss.htim2     0x20000184       0x48 ./Core/Src/tim.o
                0x20000184                htim2
 .bss.htim1     0x200001cc       0x48 ./Core/Src/tim.o
                0x200001cc                htim1
 .bss.uwTick    0x20000214        0x4 ./Drivers/STM32F0xx_HAL_Driver/Src/stm32f0xx_hal.o
                0x20000214                uwTick
 *(COMMON)
                0x20000218                        . = ALIGN (0x4)
                0x20000218                        _ebss = .
                0x20000218                        __bss_end__ = _ebss

._user_heap_stack
                0x20000218      0x600 load address 0x0800230c
                0x20000218                        . = ALIGN (0x8)
                [!provide]                        PROVIDE (end = .)
                0x20000218                        PROVIDE (_end = .)
                0x20000418                        . = (. + _Min_Heap_Size)
 *fill*         0x20000218      0x200 
                0x20000818                        . = (. + _Min_Stack_Size)
 *fill*         0x20000418      0x400 
                0x20000818                        . = ALIGN (0x8)

/DISCARD/
 libc.a(*)
 libm.a(*)
 libgcc.a(*)

.ARM.attributes
                0x00000000       0x28
 *(.ARM.attributes)
 .ARM.attributes
                0x00000000       0x1e C:/ST/STM32CubeIDE_1.17.0/STM32CubeIDE/plugins/com.st.stm32cube.ide.mcu.externaltools.gnu-tools-for-stm32.12.3.rel1.win32_1.1.0.202410251130/tools/bin/../lib/gcc/arm-none-eabi/12.3.1/thumb/v6-m/nofp/crti.o
 .ARM.attributes
                0x0000001e       0x2c C:/ST/STM32CubeIDE_1.17.0/STM32CubeIDE/plugins/com.st.stm32cube.ide.mcu.externaltools.gnu-tools-for-stm32.12.3.rel1.win32_1.1.0.202410251130/tools/bin/../lib/gcc/arm-none-eabi/12.3.1/thumb/v6-m/nofp/crtbegin.o
 .ARM.attributes
                0x0000004a       0x2c ./Core/Src/AS5147P.o
 .ARM.attributes
                0x00000076       0x2c ./Core/Src/dma.o
 .ARM.attributes
                0x000000a2       0x2c ./Core/Src/gpio.o
 .ARM.attributes
                0x000000ce       0x2c ./Core/Src/iwdg.o
 .ARM.attributes
                0x000000fa       0x2c ./Core/Src/main.o
 .ARM.attributes
                0x00000126       0x2c ./Core/Src/spi.o
 .ARM.attributes
                0x00000152       0x2c ./Core/Src/stm32f0xx_hal_msp.o
 .ARM.attributes
                0x0000017e       0x2c ./Core/Src/stm32f0xx_it.o
 .ARM.attributes
                0x000001aa       0x2c ./Core/Src/system_stm32f0xx.o
 .ARM.attributes
                0x000001d6       0x2c ./Core/Src/tim.o
 .ARM.attributes
                0x00000202       0x21 ./Core/Startup/startup_stm32f042k6ux.o
 .ARM.attributes
                0x00000223       0x2c ./Drivers/STM32F0xx_HAL_Driver/Src/stm32f0xx_hal.o
 .ARM.attributes
                0x0000024f       0x2c ./Drivers/STM32F0xx_HAL_Driver/Src/stm32f0xx_hal_cortex.o
 .ARM.attributes
                0x0000027b       0x2c ./Drivers/STM32F0xx_HAL_Driver/Src/stm32f0xx_hal_dma.o
 .ARM.attributes
                0x000002a7       0x2c ./Drivers/STM32F0xx_HAL_Driver/Src/stm32f0xx_hal_gpio.o
 .ARM.attributes
                0x000002d3       0x2c ./Drivers/STM32F0xx_HAL_Driver/Src/stm32f0xx_hal_iwdg.o
 .ARM.attributes
                0x000002ff       0x2c ./Drivers/STM32F0xx_HAL_Driver/Src/stm32f0xx_hal_rcc.o
 .ARM.attributes
                0x0000032b       0x2c ./Drivers/STM32F0xx_HAL_Driver/Src/stm32f0xx_hal_spi.o
 .ARM.attributes
                0x00000357       0x2c ./Drivers/STM32F0xx_HAL_Driver/Src/stm32f0xx_hal_tim.o
 .ARM.attributes
                0x00000383       0x2c ./Drivers/STM32F0xx_HAL_Driver/Src/stm32f0xx_hal_tim_ex.o
 .ARM.attributes
                0x000003af       0x2c C:/ST/STM32CubeIDE_1.17.0/STM32CubeIDE/plugins/com.st.stm32cube.ide.mcu.externaltools.gnu-tools-for-stm32.12.3.rel1.win32_1.1.0.202410251130/tools/bin/../lib/gcc/arm-none-eabi/12.3.1/../../../../arm-none-eabi/lib/thumb/v6-m/nofp\libc_nano.a(libc_a-memset.o)
 .ARM.attributes
                0x000003db       0x2c C:/ST/STM32CubeIDE_1.17.0/STM32CubeIDE/plugins/com.st.stm32cube.ide.mcu.externaltools.gnu-tools-for-stm32.12.3.rel1.win32_1.1.0.202410251130/tools/bin/../lib/gcc/arm-none-eabi/12.3.1/../../../../arm-none-eabi/lib/thumb/v6-m/nofp\libc_nano.a(libc_a-init.o)
 .ARM.attributes
                0x00000407       0x1e C:/ST/STM32CubeIDE_1.17.0/STM32CubeIDE/plugins/com.st.stm32cube.ide.mcu.externaltools.gnu-tools-for-stm32.12.3.rel1.win32_1.1.0.202410251130/tools/bin/../lib/gcc/arm-none-eabi/12.3.1/thumb/v6-m/nofp\libgcc.a(_udivsi3.o)
 .ARM.attributes
                0x00000425       0x1e C:/ST/STM32CubeIDE_1.17.0/STM32CubeIDE/plugins/com.st.stm32cube.ide.mcu.externaltools.gnu-tools-for-stm32.12.3.rel1.win32_1.1.0.202410251130/tools/bin/../lib/gcc/arm-none-eabi/12.3.1/thumb/v6-m/nofp\libgcc.a(_dvmd_tls.o)
 .ARM.attributes
                0x00000443       0x2c C:/ST/STM32CubeIDE_1.17.0/STM32CubeIDE/plugins/com.st.stm32cube.ide.mcu.externaltools.gnu-tools-for-stm32.12.3.rel1.win32_1.1.0.202410251130/tools/bin/../lib/gcc/arm-none-eabi/12.3.1/thumb/v6-m/nofp\libgcc.a(mulsf3.o)
 .ARM.attributes
                0x0000046f       0x2c C:/ST/STM32CubeIDE_1.17.0/STM32CubeIDE/plugins/com.st.stm32cube.ide.mcu.externaltools.gnu-tools-for-stm32.12.3.rel1.win32_1.1.0.202410251130/tools/bin/../lib/gcc/arm-none-eabi/12.3.1/thumb/v6-m/nofp\libgcc.a(floatunsisf.o)
 .ARM.attributes
                0x0000049b       0x1e C:/ST/STM32CubeIDE_1.17.0/STM32CubeIDE/plugins/com.st.stm32cube.ide.mcu.externaltools.gnu-tools-for-stm32.12.3.rel1.win32_1.1.0.202410251130/tools/bin/../lib/gcc/arm-none-eabi/12.3.1/thumb/v6-m/nofp\libgcc.a(_clzsi2.o)
 .ARM.attributes
                0x000004b9       0x1e C:/ST/STM32CubeIDE_1.17.0/STM32CubeIDE/plugins/com.st.stm32cube.ide.mcu.externaltools.gnu-tools-for-stm32.12.3.rel1.win32_1.1.0.202410251130/tools/bin/../lib/gcc/arm-none-eabi/12.3.1/thumb/v6-m/nofp/crtn.o
OUTPUT(FOC_code.elf elf32-littlearm)
LOAD linker stubs
LOAD C:/ST/STM32CubeIDE_1.17.0/STM32CubeIDE/plugins/com.st.stm32cube.ide.mcu.externaltools.gnu-tools-for-stm32.12.3.rel1.win32_1.1.0.202410251130/tools/bin/../lib/gcc/arm-none-eabi/12.3.1/../../../../arm-none-eabi/lib/thumb/v6-m/nofp\libc.a
LOAD C:/ST/STM32CubeIDE_1.17.0/STM32CubeIDE/plugins/com.st.stm32cube.ide.mcu.externaltools.gnu-tools-for-stm32.12.3.rel1.win32_1.1.0.202410251130/tools/bin/../lib/gcc/arm-none-eabi/12.3.1/../../../../arm-none-eabi/lib/thumb/v6-m/nofp\libm.a
LOAD C:/ST/STM32CubeIDE_1.17.0/STM32CubeIDE/plugins/com.st.stm32cube.ide.mcu.externaltools.gnu-tools-for-stm32.12.3.rel1.win32_1.1.0.202410251130/tools/bin/../lib/gcc/arm-none-eabi/12.3.1/thumb/v6-m/nofp\libgcc.a

.debug_info     0x00000000     0xf190
 .debug_info    0x00000000      0xc6b ./Core/Src/AS5147P.o
 .debug_info    0x00000c6b      0x2b1 ./Core/Src/dma.o
 .debug_info    0x00000f1c      0x3ab ./Core/Src/gpio.o
 .debug_info    0x000012c7      0x1f4 ./Core/Src/iwdg.o
 .debug_info    0x000014bb      0xbc9 ./Core/Src/main.o
 .debug_info    0x00002084      0xb22 ./Core/Src/spi.o
 .debug_info    0x00002ba6      0x191 ./Core/Src/stm32f0xx_hal_msp.o
 .debug_info    0x00002d37      0xa1f ./Core/Src/stm32f0xx_it.o
 .debug_info    0x00003756      0x268 ./Core/Src/system_stm32f0xx.o
 .debug_info    0x000039be     0x1281 ./Core/Src/tim.o
 .debug_info    0x00004c3f       0x30 ./Core/Startup/startup_stm32f042k6ux.o
 .debug_info    0x00004c6f      0x781 ./Drivers/STM32F0xx_HAL_Driver/Src/stm32f0xx_hal.o
 .debug_info    0x000053f0      0x82d ./Drivers/STM32F0xx_HAL_Driver/Src/stm32f0xx_hal_cortex.o
 .debug_info    0x00005c1d      0x85f ./Drivers/STM32F0xx_HAL_Driver/Src/stm32f0xx_hal_dma.o
 .debug_info    0x0000647c      0x5de ./Drivers/STM32F0xx_HAL_Driver/Src/stm32f0xx_hal_gpio.o
 .debug_info    0x00006a5a      0x218 ./Drivers/STM32F0xx_HAL_Driver/Src/stm32f0xx_hal_iwdg.o
 .debug_info    0x00006c72      0xa6b ./Drivers/STM32F0xx_HAL_Driver/Src/stm32f0xx_hal_rcc.o
 .debug_info    0x000076dd     0x2168 ./Drivers/STM32F0xx_HAL_Driver/Src/stm32f0xx_hal_spi.o
 .debug_info    0x00009845     0x408e ./Drivers/STM32F0xx_HAL_Driver/Src/stm32f0xx_hal_tim.o
 .debug_info    0x0000d8d3     0x18bd ./Drivers/STM32F0xx_HAL_Driver/Src/stm32f0xx_hal_tim_ex.o

.debug_abbrev   0x00000000     0x2b91
 .debug_abbrev  0x00000000      0x345 ./Core/Src/AS5147P.o
 .debug_abbrev  0x00000345      0x119 ./Core/Src/dma.o
 .debug_abbrev  0x0000045e      0x177 ./Core/Src/gpio.o
 .debug_abbrev  0x000005d5      0x156 ./Core/Src/iwdg.o
 .debug_abbrev  0x0000072b      0x2dd ./Core/Src/main.o
 .debug_abbrev  0x00000a08      0x23d ./Core/Src/spi.o
 .debug_abbrev  0x00000c45       0xc2 ./Core/Src/stm32f0xx_hal_msp.o
 .debug_abbrev  0x00000d07      0x1e5 ./Core/Src/stm32f0xx_it.o
 .debug_abbrev  0x00000eec      0x138 ./Core/Src/system_stm32f0xx.o
 .debug_abbrev  0x00001024      0x343 ./Core/Src/tim.o
 .debug_abbrev  0x00001367       0x24 ./Core/Startup/startup_stm32f042k6ux.o
 .debug_abbrev  0x0000138b      0x2c7 ./Drivers/STM32F0xx_HAL_Driver/Src/stm32f0xx_hal.o
 .debug_abbrev  0x00001652      0x29c ./Drivers/STM32F0xx_HAL_Driver/Src/stm32f0xx_hal_cortex.o
 .debug_abbrev  0x000018ee      0x270 ./Drivers/STM32F0xx_HAL_Driver/Src/stm32f0xx_hal_dma.o
 .debug_abbrev  0x00001b5e      0x1f9 ./Drivers/STM32F0xx_HAL_Driver/Src/stm32f0xx_hal_gpio.o
 .debug_abbrev  0x00001d57      0x15f ./Drivers/STM32F0xx_HAL_Driver/Src/stm32f0xx_hal_iwdg.o
 .debug_abbrev  0x00001eb6      0x2d8 ./Drivers/STM32F0xx_HAL_Driver/Src/stm32f0xx_hal_rcc.o
 .debug_abbrev  0x0000218e      0x365 ./Drivers/STM32F0xx_HAL_Driver/Src/stm32f0xx_hal_spi.o
 .debug_abbrev  0x000024f3      0x3a2 ./Drivers/STM32F0xx_HAL_Driver/Src/stm32f0xx_hal_tim.o
 .debug_abbrev  0x00002895      0x2fc ./Drivers/STM32F0xx_HAL_Driver/Src/stm32f0xx_hal_tim_ex.o

.debug_loclists
                0x00000000     0x6b20
 .debug_loclists
                0x00000000      0x2f8 ./Core/Src/AS5147P.o
 .debug_loclists
                0x000002f8       0x4b ./Core/Src/spi.o
 .debug_loclists
                0x00000343       0xaf ./Core/Src/system_stm32f0xx.o
 .debug_loclists
                0x000003f2      0x2d5 ./Core/Src/tim.o
 .debug_loclists
                0x000006c7       0xc4 ./Drivers/STM32F0xx_HAL_Driver/Src/stm32f0xx_hal.o
 .debug_loclists
                0x0000078b      0x28b ./Drivers/STM32F0xx_HAL_Driver/Src/stm32f0xx_hal_cortex.o
 .debug_loclists
                0x00000a16      0x55e ./Drivers/STM32F0xx_HAL_Driver/Src/stm32f0xx_hal_dma.o
 .debug_loclists
                0x00000f74      0x255 ./Drivers/STM32F0xx_HAL_Driver/Src/stm32f0xx_hal_gpio.o
 .debug_loclists
                0x000011c9       0x63 ./Drivers/STM32F0xx_HAL_Driver/Src/stm32f0xx_hal_iwdg.o
 .debug_loclists
                0x0000122c      0x39f ./Drivers/STM32F0xx_HAL_Driver/Src/stm32f0xx_hal_rcc.o
 .debug_loclists
                0x000015cb     0x13e0 ./Drivers/STM32F0xx_HAL_Driver/Src/stm32f0xx_hal_spi.o
 .debug_loclists
                0x000029ab     0x3307 ./Drivers/STM32F0xx_HAL_Driver/Src/stm32f0xx_hal_tim.o
 .debug_loclists
                0x00005cb2      0xe6e ./Drivers/STM32F0xx_HAL_Driver/Src/stm32f0xx_hal_tim_ex.o

.debug_aranges  0x00000000      0xbe0
 .debug_aranges
                0x00000000       0x58 ./Core/Src/AS5147P.o
 .debug_aranges
                0x00000058       0x20 ./Core/Src/dma.o
 .debug_aranges
                0x00000078       0x20 ./Core/Src/gpio.o
 .debug_aranges
                0x00000098       0x20 ./Core/Src/iwdg.o
 .debug_aranges
                0x000000b8       0x30 ./Core/Src/main.o
 .debug_aranges
                0x000000e8       0x30 ./Core/Src/spi.o
 .debug_aranges
                0x00000118       0x20 ./Core/Src/stm32f0xx_hal_msp.o
 .debug_aranges
                0x00000138       0x68 ./Core/Src/stm32f0xx_it.o
 .debug_aranges
                0x000001a0       0x28 ./Core/Src/system_stm32f0xx.o
 .debug_aranges
                0x000001c8       0x50 ./Core/Src/tim.o
 .debug_aranges
                0x00000218       0x28 ./Core/Startup/startup_stm32f042k6ux.o
 .debug_aranges
                0x00000240       0xd0 ./Drivers/STM32F0xx_HAL_Driver/Src/stm32f0xx_hal.o
 .debug_aranges
                0x00000310       0x78 ./Drivers/STM32F0xx_HAL_Driver/Src/stm32f0xx_hal_cortex.o
 .debug_aranges
                0x00000388       0x78 ./Drivers/STM32F0xx_HAL_Driver/Src/stm32f0xx_hal_dma.o
 .debug_aranges
                0x00000400       0x58 ./Drivers/STM32F0xx_HAL_Driver/Src/stm32f0xx_hal_gpio.o
 .debug_aranges
                0x00000458       0x28 ./Drivers/STM32F0xx_HAL_Driver/Src/stm32f0xx_hal_iwdg.o
 .debug_aranges
                0x00000480       0x80 ./Drivers/STM32F0xx_HAL_Driver/Src/stm32f0xx_hal_rcc.o
 .debug_aranges
                0x00000500      0x1d8 ./Drivers/STM32F0xx_HAL_Driver/Src/stm32f0xx_hal_spi.o
 .debug_aranges
                0x000006d8      0x3a0 ./Drivers/STM32F0xx_HAL_Driver/Src/stm32f0xx_hal_tim.o
 .debug_aranges
                0x00000a78      0x168 ./Drivers/STM32F0xx_HAL_Driver/Src/stm32f0xx_hal_tim_ex.o

.debug_rnglists
                0x00000000      0xc6d
 .debug_rnglists
                0x00000000       0x70 ./Core/Src/AS5147P.o
 .debug_rnglists
                0x00000070       0x2b ./Core/Src/dma.o
 .debug_rnglists
                0x0000009b       0x3b ./Core/Src/gpio.o
 .debug_rnglists
                0x000000d6       0x13 ./Core/Src/iwdg.o
 .debug_rnglists
                0x000000e9       0x20 ./Core/Src/main.o
 .debug_rnglists
                0x00000109       0x53 ./Core/Src/spi.o
 .debug_rnglists
                0x0000015c       0x2e ./Core/Src/stm32f0xx_hal_msp.o
 .debug_rnglists
                0x0000018a       0x49 ./Core/Src/stm32f0xx_it.o
 .debug_rnglists
                0x000001d3       0x19 ./Core/Src/system_stm32f0xx.o
 .debug_rnglists
                0x000001ec       0xce ./Core/Src/tim.o
 .debug_rnglists
                0x000002ba       0x1a ./Core/Startup/startup_stm32f042k6ux.o
 .debug_rnglists
                0x000002d4       0x97 ./Drivers/STM32F0xx_HAL_Driver/Src/stm32f0xx_hal.o
 .debug_rnglists
                0x0000036b       0x85 ./Drivers/STM32F0xx_HAL_Driver/Src/stm32f0xx_hal_cortex.o
 .debug_rnglists
                0x000003f0       0x90 ./Drivers/STM32F0xx_HAL_Driver/Src/stm32f0xx_hal_dma.o
 .debug_rnglists
                0x00000480       0x51 ./Drivers/STM32F0xx_HAL_Driver/Src/stm32f0xx_hal_gpio.o
 .debug_rnglists
                0x000004d1       0x19 ./Drivers/STM32F0xx_HAL_Driver/Src/stm32f0xx_hal_iwdg.o
 .debug_rnglists
                0x000004ea       0x80 ./Drivers/STM32F0xx_HAL_Driver/Src/stm32f0xx_hal_rcc.o
 .debug_rnglists
                0x0000056a      0x1c8 ./Drivers/STM32F0xx_HAL_Driver/Src/stm32f0xx_hal_spi.o
 .debug_rnglists
                0x00000732      0x427 ./Drivers/STM32F0xx_HAL_Driver/Src/stm32f0xx_hal_tim.o
 .debug_rnglists
                0x00000b59      0x114 ./Drivers/STM32F0xx_HAL_Driver/Src/stm32f0xx_hal_tim_ex.o

.debug_macro    0x00000000    0x18c57
 .debug_macro   0x00000000      0x204 ./Core/Src/AS5147P.o
 .debug_macro   0x00000204      0xa90 ./Core/Src/AS5147P.o
 .debug_macro   0x00000c94       0x22 ./Core/Src/AS5147P.o
 .debug_macro   0x00000cb6       0x22 ./Core/Src/AS5147P.o
 .debug_macro   0x00000cd8       0x8e ./Core/Src/AS5147P.o
 .debug_macro   0x00000d66       0x51 ./Core/Src/AS5147P.o
 .debug_macro   0x00000db7      0x103 ./Core/Src/AS5147P.o
 .debug_macro   0x00000eba       0x6a ./Core/Src/AS5147P.o
 .debug_macro   0x00000f24      0x1df ./Core/Src/AS5147P.o
 .debug_macro   0x00001103      0x139 ./Core/Src/AS5147P.o
 .debug_macro   0x0000123c       0x2e ./Core/Src/AS5147P.o
 .debug_macro   0x0000126a       0x22 ./Core/Src/AS5147P.o
 .debug_macro   0x0000128c       0x1c ./Core/Src/AS5147P.o
 .debug_macro   0x000012a8       0x22 ./Core/Src/AS5147P.o
 .debug_macro   0x000012ca       0xaf ./Core/Src/AS5147P.o
 .debug_macro   0x00001379      0x391 ./Core/Src/AS5147P.o
 .debug_macro   0x0000170a     0xf209 ./Core/Src/AS5147P.o
 .debug_macro   0x00010913       0x66 ./Core/Src/AS5147P.o
 .debug_macro   0x00010979     0x34da ./Core/Src/AS5147P.o
 .debug_macro   0x00013e53      0x189 ./Core/Src/AS5147P.o
 .debug_macro   0x00013fdc       0x55 ./Core/Src/AS5147P.o
 .debug_macro   0x00014031      0x946 ./Core/Src/AS5147P.o
 .debug_macro   0x00014977      0x46b ./Core/Src/AS5147P.o
 .debug_macro   0x00014de2      0x1ae ./Core/Src/AS5147P.o
 .debug_macro   0x00014f90      0x130 ./Core/Src/AS5147P.o
 .debug_macro   0x000150c0      0x199 ./Core/Src/AS5147P.o
 .debug_macro   0x00015259      0x1ed ./Core/Src/AS5147P.o
 .debug_macro   0x00015446       0x34 ./Core/Src/AS5147P.o
 .debug_macro   0x0001547a       0x43 ./Core/Src/AS5147P.o
 .debug_macro   0x000154bd       0x28 ./Core/Src/AS5147P.o
 .debug_macro   0x000154e5       0xb0 ./Core/Src/AS5147P.o
 .debug_macro   0x00015595      0x182 ./Core/Src/AS5147P.o
 .debug_macro   0x00015717      0x22c ./Core/Src/AS5147P.o
 .debug_macro   0x00015943       0x61 ./Core/Src/AS5147P.o
 .debug_macro   0x000159a4       0xa5 ./Core/Src/AS5147P.o
 .debug_macro   0x00015a49       0x85 ./Core/Src/AS5147P.o
 .debug_macro   0x00015ace       0x4c ./Core/Src/AS5147P.o
 .debug_macro   0x00015b1a      0x15b ./Core/Src/AS5147P.o
 .debug_macro   0x00015c75      0x2fe ./Core/Src/AS5147P.o
 .debug_macro   0x00015f73      0x8f4 ./Core/Src/AS5147P.o
 .debug_macro   0x00016867       0x28 ./Core/Src/AS5147P.o
 .debug_macro   0x0001688f      0x12e ./Core/Src/AS5147P.o
 .debug_macro   0x000169bd       0x64 ./Core/Src/AS5147P.o
 .debug_macro   0x00016a21       0x3a ./Core/Src/AS5147P.o
 .debug_macro   0x00016a5b      0x1e6 ./Core/Src/dma.o
 .debug_macro   0x00016c41      0x1e6 ./Core/Src/gpio.o
 .debug_macro   0x00016e27      0x1e6 ./Core/Src/iwdg.o
 .debug_macro   0x0001700d      0x24a ./Core/Src/main.o
 .debug_macro   0x00017257       0x1c ./Core/Src/main.o
 .debug_macro   0x00017273      0x1e6 ./Core/Src/spi.o
 .debug_macro   0x00017459      0x1dc ./Core/Src/stm32f0xx_hal_msp.o
 .debug_macro   0x00017635      0x1e6 ./Core/Src/stm32f0xx_it.o
 .debug_macro   0x0001781b      0x1cd ./Core/Src/system_stm32f0xx.o
 .debug_macro   0x000179e8      0x1e6 ./Core/Src/tim.o
 .debug_macro   0x00017bce      0x1f1 ./Drivers/STM32F0xx_HAL_Driver/Src/stm32f0xx_hal.o
 .debug_macro   0x00017dbf      0x1cd ./Drivers/STM32F0xx_HAL_Driver/Src/stm32f0xx_hal_cortex.o
 .debug_macro   0x00017f8c      0x1cd ./Drivers/STM32F0xx_HAL_Driver/Src/stm32f0xx_hal_dma.o
 .debug_macro   0x00018159      0x1d4 ./Drivers/STM32F0xx_HAL_Driver/Src/stm32f0xx_hal_gpio.o
 .debug_macro   0x0001832d      0x1db ./Drivers/STM32F0xx_HAL_Driver/Src/stm32f0xx_hal_iwdg.o
 .debug_macro   0x00018508      0x1df ./Drivers/STM32F0xx_HAL_Driver/Src/stm32f0xx_hal_rcc.o
 .debug_macro   0x000186e7      0x1d5 ./Drivers/STM32F0xx_HAL_Driver/Src/stm32f0xx_hal_spi.o
 .debug_macro   0x000188bc      0x1ce ./Drivers/STM32F0xx_HAL_Driver/Src/stm32f0xx_hal_tim.o
 .debug_macro   0x00018a8a      0x1cd ./Drivers/STM32F0xx_HAL_Driver/Src/stm32f0xx_hal_tim_ex.o

.debug_line     0x00000000    0x141d3
 .debug_line    0x00000000      0x9dd ./Core/Src/AS5147P.o
 .debug_line    0x000009dd      0x794 ./Core/Src/dma.o
 .debug_line    0x00001171      0x801 ./Core/Src/gpio.o
 .debug_line    0x00001972      0x7ac ./Core/Src/iwdg.o
 .debug_line    0x0000211e      0x99b ./Core/Src/main.o
 .debug_line    0x00002ab9      0x9ba ./Core/Src/spi.o
 .debug_line    0x00003473      0x791 ./Core/Src/stm32f0xx_hal_msp.o
 .debug_line    0x00003c04      0x8a1 ./Core/Src/stm32f0xx_it.o
 .debug_line    0x000044a5      0x81d ./Core/Src/system_stm32f0xx.o
 .debug_line    0x00004cc2      0xcb9 ./Core/Src/tim.o
 .debug_line    0x0000597b       0x8d ./Core/Startup/startup_stm32f042k6ux.o
 .debug_line    0x00005a08      0xafb ./Drivers/STM32F0xx_HAL_Driver/Src/stm32f0xx_hal.o
 .debug_line    0x00006503      0xb2d ./Drivers/STM32F0xx_HAL_Driver/Src/stm32f0xx_hal_cortex.o
 .debug_line    0x00007030     0x107a ./Drivers/STM32F0xx_HAL_Driver/Src/stm32f0xx_hal_dma.o
 .debug_line    0x000080aa      0xc65 ./Drivers/STM32F0xx_HAL_Driver/Src/stm32f0xx_hal_gpio.o
 .debug_line    0x00008d0f      0x83c ./Drivers/STM32F0xx_HAL_Driver/Src/stm32f0xx_hal_iwdg.o
 .debug_line    0x0000954b     0x1304 ./Drivers/STM32F0xx_HAL_Driver/Src/stm32f0xx_hal_rcc.o
 .debug_line    0x0000a84f     0x2f43 ./Drivers/STM32F0xx_HAL_Driver/Src/stm32f0xx_hal_spi.o
 .debug_line    0x0000d792     0x4d3e ./Drivers/STM32F0xx_HAL_Driver/Src/stm32f0xx_hal_tim.o
 .debug_line    0x000124d0     0x1d03 ./Drivers/STM32F0xx_HAL_Driver/Src/stm32f0xx_hal_tim_ex.o

.debug_str      0x00000000    0x8c4e0
 .debug_str     0x00000000    0x893f7 ./Core/Src/AS5147P.o
                              0x896c3 (size before relaxing)
 .debug_str     0x000893f7      0x1e2 ./Core/Src/dma.o
                              0x891a3 (size before relaxing)
 .debug_str     0x000895d9       0x81 ./Core/Src/gpio.o
                              0x890b5 (size before relaxing)
 .debug_str     0x0008965a       0x8b ./Core/Src/iwdg.o
                              0x8902e (size before relaxing)
 .debug_str     0x000896e5      0x3d8 ./Core/Src/main.o
                              0x899c5 (size before relaxing)
 .debug_str     0x00089abd       0xa5 ./Core/Src/spi.o
                              0x89705 (size before relaxing)
 .debug_str     0x00089b62       0x2c ./Core/Src/stm32f0xx_hal_msp.o
                              0x88fd2 (size before relaxing)
 .debug_str     0x00089b8e      0x379 ./Core/Src/stm32f0xx_it.o
                              0x89768 (size before relaxing)
 .debug_str     0x00089f07       0x99 ./Core/Src/system_stm32f0xx.o
                              0x88ea1 (size before relaxing)
 .debug_str     0x00089fa0      0x263 ./Core/Src/tim.o
                              0x8999d (size before relaxing)
 .debug_str     0x0008a203       0x44 ./Core/Startup/startup_stm32f042k6ux.o
                                 0x71 (size before relaxing)
 .debug_str     0x0008a247      0x37a ./Drivers/STM32F0xx_HAL_Driver/Src/stm32f0xx_hal.o
                              0x89453 (size before relaxing)
 .debug_str     0x0008a5c1      0x1ab ./Drivers/STM32F0xx_HAL_Driver/Src/stm32f0xx_hal_cortex.o
                              0x89236 (size before relaxing)
 .debug_str     0x0008a76c      0x21e ./Drivers/STM32F0xx_HAL_Driver/Src/stm32f0xx_hal_dma.o
                              0x89247 (size before relaxing)
 .debug_str     0x0008a98a      0x113 ./Drivers/STM32F0xx_HAL_Driver/Src/stm32f0xx_hal_gpio.o
                              0x89034 (size before relaxing)
 .debug_str     0x0008aa9d       0xf3 ./Drivers/STM32F0xx_HAL_Driver/Src/stm32f0xx_hal_iwdg.o
                              0x88f54 (size before relaxing)
 .debug_str     0x0008ab90      0x21a ./Drivers/STM32F0xx_HAL_Driver/Src/stm32f0xx_hal_rcc.o
                              0x892e8 (size before relaxing)
 .debug_str     0x0008adaa      0x544 ./Drivers/STM32F0xx_HAL_Driver/Src/stm32f0xx_hal_spi.o
                              0x89811 (size before relaxing)
 .debug_str     0x0008b2ee      0xd5f ./Drivers/STM32F0xx_HAL_Driver/Src/stm32f0xx_hal_tim.o
                              0x8a2a9 (size before relaxing)
 .debug_str     0x0008c04d      0x493 ./Drivers/STM32F0xx_HAL_Driver/Src/stm32f0xx_hal_tim_ex.o
                              0x89ab5 (size before relaxing)

.comment        0x00000000       0x43
 .comment       0x00000000       0x43 ./Core/Src/AS5147P.o
                                 0x44 (size before relaxing)
 .comment       0x00000043       0x44 ./Core/Src/dma.o
 .comment       0x00000043       0x44 ./Core/Src/gpio.o
 .comment       0x00000043       0x44 ./Core/Src/iwdg.o
 .comment       0x00000043       0x44 ./Core/Src/main.o
 .comment       0x00000043       0x44 ./Core/Src/spi.o
 .comment       0x00000043       0x44 ./Core/Src/stm32f0xx_hal_msp.o
 .comment       0x00000043       0x44 ./Core/Src/stm32f0xx_it.o
 .comment       0x00000043       0x44 ./Core/Src/system_stm32f0xx.o
 .comment       0x00000043       0x44 ./Core/Src/tim.o
 .comment       0x00000043       0x44 ./Drivers/STM32F0xx_HAL_Driver/Src/stm32f0xx_hal.o
 .comment       0x00000043       0x44 ./Drivers/STM32F0xx_HAL_Driver/Src/stm32f0xx_hal_cortex.o
 .comment       0x00000043       0x44 ./Drivers/STM32F0xx_HAL_Driver/Src/stm32f0xx_hal_dma.o
 .comment       0x00000043       0x44 ./Drivers/STM32F0xx_HAL_Driver/Src/stm32f0xx_hal_gpio.o
 .comment       0x00000043       0x44 ./Drivers/STM32F0xx_HAL_Driver/Src/stm32f0xx_hal_iwdg.o
 .comment       0x00000043       0x44 ./Drivers/STM32F0xx_HAL_Driver/Src/stm32f0xx_hal_rcc.o
 .comment       0x00000043       0x44 ./Drivers/STM32F0xx_HAL_Driver/Src/stm32f0xx_hal_spi.o
 .comment       0x00000043       0x44 ./Drivers/STM32F0xx_HAL_Driver/Src/stm32f0xx_hal_tim.o
 .comment       0x00000043       0x44 ./Drivers/STM32F0xx_HAL_Driver/Src/stm32f0xx_hal_tim_ex.o

.debug_frame    0x00000000     0x1fe4
 .debug_frame   0x00000000       0xdc ./Core/Src/AS5147P.o
 .debug_frame   0x000000dc       0x2c ./Core/Src/dma.o
 .debug_frame   0x00000108       0x30 ./Core/Src/gpio.o
 .debug_frame   0x00000138       0x28 ./Core/Src/iwdg.o
 .debug_frame   0x00000160       0x5c ./Core/Src/main.o
 .debug_frame   0x000001bc       0x60 ./Core/Src/spi.o
 .debug_frame   0x0000021c       0x24 ./Core/Src/stm32f0xx_hal_msp.o
 .debug_frame   0x00000240       0xe0 ./Core/Src/stm32f0xx_it.o
 .debug_frame   0x00000320       0x3c ./Core/Src/system_stm32f0xx.o
 .debug_frame   0x0000035c       0xd8 ./Core/Src/tim.o
 .debug_frame   0x00000434      0x1b4 ./Drivers/STM32F0xx_HAL_Driver/Src/stm32f0xx_hal.o
 .debug_frame   0x000005e8       0xe0 ./Drivers/STM32F0xx_HAL_Driver/Src/stm32f0xx_hal_cortex.o
 .debug_frame   0x000006c8      0x160 ./Drivers/STM32F0xx_HAL_Driver/Src/stm32f0xx_hal_dma.o
 .debug_frame   0x00000828       0xbc ./Drivers/STM32F0xx_HAL_Driver/Src/stm32f0xx_hal_gpio.o
 .debug_frame   0x000008e4       0x3c ./Drivers/STM32F0xx_HAL_Driver/Src/stm32f0xx_hal_iwdg.o
 .debug_frame   0x00000920      0x148 ./Drivers/STM32F0xx_HAL_Driver/Src/stm32f0xx_hal_rcc.o
 .debug_frame   0x00000a68      0x5b4 ./Drivers/STM32F0xx_HAL_Driver/Src/stm32f0xx_hal_spi.o
 .debug_frame   0x0000101c      0xacc ./Drivers/STM32F0xx_HAL_Driver/Src/stm32f0xx_hal_tim.o
 .debug_frame   0x00001ae8      0x42c ./Drivers/STM32F0xx_HAL_Driver/Src/stm32f0xx_hal_tim_ex.o
 .debug_frame   0x00001f14       0x20 C:/ST/STM32CubeIDE_1.17.0/STM32CubeIDE/plugins/com.st.stm32cube.ide.mcu.externaltools.gnu-tools-for-stm32.12.3.rel1.win32_1.1.0.202410251130/tools/bin/../lib/gcc/arm-none-eabi/12.3.1/../../../../arm-none-eabi/lib/thumb/v6-m/nofp\libc_nano.a(libc_a-memset.o)
 .debug_frame   0x00001f34       0x2c C:/ST/STM32CubeIDE_1.17.0/STM32CubeIDE/plugins/com.st.stm32cube.ide.mcu.externaltools.gnu-tools-for-stm32.12.3.rel1.win32_1.1.0.202410251130/tools/bin/../lib/gcc/arm-none-eabi/12.3.1/../../../../arm-none-eabi/lib/thumb/v6-m/nofp\libc_nano.a(libc_a-init.o)
 .debug_frame   0x00001f60       0x20 C:/ST/STM32CubeIDE_1.17.0/STM32CubeIDE/plugins/com.st.stm32cube.ide.mcu.externaltools.gnu-tools-for-stm32.12.3.rel1.win32_1.1.0.202410251130/tools/bin/../lib/gcc/arm-none-eabi/12.3.1/thumb/v6-m/nofp\libgcc.a(_udivsi3.o)
 .debug_frame   0x00001f80       0x38 C:/ST/STM32CubeIDE_1.17.0/STM32CubeIDE/plugins/com.st.stm32cube.ide.mcu.externaltools.gnu-tools-for-stm32.12.3.rel1.win32_1.1.0.202410251130/tools/bin/../lib/gcc/arm-none-eabi/12.3.1/thumb/v6-m/nofp\libgcc.a(mulsf3.o)
 .debug_frame   0x00001fb8       0x2c C:/ST/STM32CubeIDE_1.17.0/STM32CubeIDE/plugins/com.st.stm32cube.ide.mcu.externaltools.gnu-tools-for-stm32.12.3.rel1.win32_1.1.0.202410251130/tools/bin/../lib/gcc/arm-none-eabi/12.3.1/thumb/v6-m/nofp\libgcc.a(floatunsisf.o)

.debug_line_str
                0x00000000       0x55
 .debug_line_str
                0x00000000       0x55 ./Core/Startup/startup_stm32f042k6ux.o
