../Core/Src/foc_transform.c:22:6:Foc_Init	0	static
../Core/Src/foc_transform.c:33:6:FocClarke	8	static
../Core/Src/foc_transform.c:40:6:FocPark	32	static
../Core/Src/foc_transform.c:48:6:FocInversePark	32	static
../Core/Src/foc_transform.c:56:6:FocInverseClarke	16	static
../Core/Src/foc_transform.c:65:6:FocAbcToDq	24	static
../Core/Src/foc_transform.c:72:6:FocDqToAbc	32	static
../Core/Src/foc_transform.c:79:6:FocDqToAbcVirtual	24	static
../Core/Src/foc_transform.c:97:6:FocVirtualAngle_SetOmegaElectrical	0	static
../Core/Src/foc_transform.c:102:6:FocVirtualAngle_SetThetaRad	24	static
../Core/Src/foc_transform.c:110:6:FocOpenLoop_SetVdq	0	static
../Core/Src/foc_transform.c:116:6:FocVirtualAngle_Step	24	static
../Core/Src/foc_transform.c:124:7:FocVirtualAngle_GetThetaRad	0	static
../Core/Src/foc_transform.c:129:6:FocVirtualAngle_GetSinCos	0	static
../Core/Src/foc_transform.c:141:6:Foc_OnTim1Update	8	static
