../Core/Src/main.c:82:5:main	8	static
../Core/Src/main.c:133:6:SystemClock_Config	112	static
../Core/Src/main.c:178:13:MX_ADC_Init	24	static
../Core/Src/main.c:248:13:MX_CAN_Init	8	static
../Core/Src/main.c:285:13:MX_SPI1_Init	8	static
../Core/Src/main.c:325:13:MX_TIM1_Init	80	static
../Core/Src/main.c:394:13:MX_TIM2_Init	48	static
../Core/Src/main.c:447:13:MX_TIM3_Init	48	static
../Core/Src/main.c:500:13:MX_USART1_UART_Init	8	static
../Core/Src/main.c:535:13:MX_GPIO_Init	48	static
../Core/Src/main.c:578:6:Error_Handler	8	static,ignoring_inline_asm
